[16:27:01] ConvaiPlayerLog : Log : UConvaiPlayerComponent: Found submix "AudioInput"
[16:28:00] ConvaiPlayerLog : Log : UConvaiPlayerComponent: Found submix "AudioInput"
[16:29:20] ConvaiPlayerLog : Log : UConvaiPlayerComponent: Found submix "AudioInput"
[16:29:24] ConvaiPlayerLog : Log : UConvaiPlayerComponent: Found submix "AudioInput"
[16:29:24] ConvaiPlayerLog : Log : UConvaiPlayerComponent: Found submix "AudioInput"
[16:29:29] ConvaiPlayerLog : Log : UConvaiPlayerComponent: Found submix "AudioInput"
[16:29:29] ConvaiPlayerLog : Log : UConvaiPlayerComponent: Found submix "AudioInput"
[16:29:29] ConvaiPlayerLog : Log : UConvaiPlayerComponent: Found submix "AudioInput"
[16:29:29] ConvaiPlayerLog : Log : UConvaiPlayerComponent: Found submix "AudioInput"
[16:29:29] ConvaiPlayerLog : Log : UConvaiPlayerComponent: Found submix "AudioInput"
[16:29:32] ConvaiPlayerLog : Log : UConvaiPlayerComponent: Found submix "AudioInput"
[16:29:32] ConvaiPlayerLog : Log : UConvaiPlayerComponent: Found submix "AudioInput"
[16:29:32] ConvaiPlayerLog : Log : UConvaiPlayerComponent: Found submix "AudioInput"
[16:29:32] ConvaiPlayerLog : Log : UConvaiPlayerComponent: Found submix "AudioInput"
[16:29:32] ConvaiPlayerLog : Log : UConvaiPlayerComponent: Found submix "AudioInput"
[16:29:32] ConvaiPlayerLog : Log : UConvaiPlayerComponent: Found submix "AudioInput"
[16:29:42] ConvaiPlayerLog : Log : UConvaiPlayerComponent: Found submix "AudioInput"
[16:29:46] ConvaiPlayerLog : Log : UConvaiPlayerComponent: Found submix "AudioInput"
[16:29:46] ConvaiPlayerLog : Log : UConvaiPlayerComponent: Found submix "AudioInput"
[16:29:46] ConvaiPlayerLog : Log : UConvaiPlayerComponent: Found submix "AudioInput"
[16:29:46] ConvaiPlayerLog : Log : UConvaiPlayerComponent: Found submix "AudioInput"
[16:29:46] ConvaiPlayerLog : Log : UConvaiPlayerComponent: Found submix "AudioInput"
[16:29:46] ConvaiPlayerLog : Log : UConvaiPlayerComponent: Found submix "AudioInput"
[16:29:53] ConvaiPlayerLog : Log : UConvaiPlayerComponent: Found submix "AudioInput"
[16:29:59] ConvaiPlayerLog : Log : UConvaiPlayerComponent: Found submix "AudioInput"
[16:30:08] ConvaiPlayerLog : Log : UConvaiPlayerComponent: Found submix "AudioInput"
[16:30:28] ConvaiPlayerLog : Log : UConvaiPlayerComponent: Found submix "AudioInput"
[16:30:35] ConvaiPlayerLog : Log : UConvaiPlayerComponent: Found submix "AudioInput"
[16:30:35] ConvaiPlayerLog : Log : UConvaiPlayerComponent: Found submix "AudioInput"
[16:30:35] ConvaiPlayerLog : Log : UConvaiPlayerComponent: Found submix "AudioInput"
[16:30:50] ConvaiSubsystemLog : Log : gRPC Creating Channel...
[16:30:50] ConvaiSubsystemLog : Log : Start Run
[16:30:50] ConvaiSubsystemLog : Log : UConvaiSubsystem Started
[16:30:50] ConvaiPlayerLog : Log : UConvaiPlayerComponent: Found submix "AudioInput"
[16:30:50] ConvaiSubsystemLog : Verbose : Registered player component: ConvaiPlayer
[16:31:05] ConvaiSubsystemLog : Verbose : Unregistered player component: ConvaiPlayer
[16:31:05] ConvaiSubsystemLog : Log : UConvaiSubsystem Stopped
[16:31:05] ConvaiSubsystemLog : Log : End Run
[16:31:11] ConvaiPlayerLog : Log : UConvaiPlayerComponent: Found submix "AudioInput"
[16:31:11] ConvaiPlayerLog : Log : UConvaiPlayerComponent: Found submix "AudioInput"
[16:31:11] ConvaiPlayerLog : Log : UConvaiPlayerComponent: Found submix "AudioInput"
[16:31:24] ConvaiSubsystemLog : Log : gRPC Creating Channel...
[16:31:24] ConvaiSubsystemLog : Log : UConvaiSubsystem Started
[16:31:24] ConvaiSubsystemLog : Log : Start Run
[16:31:24] ConvaiPlayerLog : Log : UConvaiPlayerComponent: Found submix "AudioInput"
[16:31:24] ConvaiSubsystemLog : Verbose : Registered player component: ConvaiPlayer
[16:31:35] ConvaiSubsystemLog : Verbose : Unregistered player component: ConvaiPlayer
[16:31:35] ConvaiSubsystemLog : Log : UConvaiSubsystem Stopped
[16:31:35] ConvaiSubsystemLog : Log : End Run
[16:31:40] ConvaiPlayerLog : Log : UConvaiPlayerComponent: Found submix "AudioInput"
[16:31:44] ConvaiPlayerLog : Log : UConvaiPlayerComponent: Found submix "AudioInput"
[16:32:07] ConvaiPlayerLog : Log : UConvaiPlayerComponent: Found submix "AudioInput"
[16:32:07] ConvaiPlayerLog : Log : UConvaiPlayerComponent: Found submix "AudioInput"
[16:32:07] ConvaiPlayerLog : Log : UConvaiPlayerComponent: Found submix "AudioInput"
[16:32:20] ConvaiSubsystemLog : Log : gRPC Creating Channel...
[16:32:20] ConvaiSubsystemLog : Log : Start Run
[16:32:20] ConvaiSubsystemLog : Log : UConvaiSubsystem Started
[16:32:20] ConvaiPlayerLog : Log : UConvaiPlayerComponent: Found submix "AudioInput"
[16:32:20] ConvaiSubsystemLog : Verbose : Registered player component: ConvaiPlayer
[16:32:33] ConvaiSubsystemLog : Verbose : Unregistered player component: ConvaiPlayer
[16:32:33] ConvaiSubsystemLog : Log : UConvaiSubsystem Stopped
[16:32:33] ConvaiSubsystemLog : Log : End Run
[16:32:43] ConvaiPlayerLog : Log : UConvaiPlayerComponent: Found submix "AudioInput"
[16:32:43] ConvaiPlayerLog : Log : UConvaiPlayerComponent: Found submix "AudioInput"
[16:32:43] ConvaiPlayerLog : Log : UConvaiPlayerComponent: Found submix "AudioInput"
[16:32:56] ConvaiSubsystemLog : Log : gRPC Creating Channel...
[16:32:56] ConvaiSubsystemLog : Log : UConvaiSubsystem Started
[16:32:56] ConvaiSubsystemLog : Log : Start Run
[16:32:57] ConvaiPlayerLog : Log : UConvaiPlayerComponent: Found submix "AudioInput"
[16:32:57] ConvaiSubsystemLog : Verbose : Registered player component: ConvaiPlayer
[16:33:18] ConvaiSubsystemLog : Verbose : Unregistered player component: ConvaiPlayer
[16:33:18] ConvaiSubsystemLog : Log : UConvaiSubsystem Stopped
[16:33:18] ConvaiSubsystemLog : Log : End Run
[16:33:22] ConvaiPlayerLog : Log : UConvaiPlayerComponent: Found submix "AudioInput"
[16:33:23] ConvaiPlayerLog : Log : UConvaiPlayerComponent: Found submix "AudioInput"
[16:34:00] ConvaiPlayerLog : Log : UConvaiPlayerComponent: Found submix "AudioInput"
[16:34:00] ConvaiPlayerLog : Log : UConvaiPlayerComponent: Found submix "AudioInput"
[16:34:00] ConvaiPlayerLog : Log : UConvaiPlayerComponent: Found submix "AudioInput"
[16:34:06] ConvaiPlayerLog : Log : UConvaiPlayerComponent: Found submix "AudioInput"
[16:37:05] ConvaiPlayerLog : Log : UConvaiPlayerComponent: Found submix "AudioInput"
[16:37:06] ConvaiPlayerLog : Log : UConvaiPlayerComponent: Found submix "AudioInput"
[16:37:06] ConvaiPlayerLog : Log : UConvaiPlayerComponent: Found submix "AudioInput"
[16:37:06] ConvaiPlayerLog : Log : UConvaiPlayerComponent: Found submix "AudioInput"
[16:37:19] ConvaiSubsystemLog : Log : gRPC Creating Channel...
[16:37:19] ConvaiSubsystemLog : Log : Start Run
[16:37:19] ConvaiSubsystemLog : Log : UConvaiSubsystem Started
[16:37:19] ConvaiPlayerLog : Log : UConvaiPlayerComponent: Found submix "AudioInput"
[16:37:19] ConvaiSubsystemLog : Verbose : Registered player component: ConvaiPlayer
[16:37:36] ConvaiSubsystemLog : Verbose : Unregistered player component: ConvaiPlayer
[16:37:36] ConvaiSubsystemLog : Log : End Run
[16:37:36] ConvaiSubsystemLog : Log : UConvaiSubsystem Stopped
[16:37:41] ConvaiPlayerLog : Log : UConvaiPlayerComponent: Found submix "AudioInput"
[16:37:41] ConvaiPlayerLog : Log : UConvaiPlayerComponent: Found submix "AudioInput"
[16:37:41] ConvaiPlayerLog : Log : UConvaiPlayerComponent: Found submix "AudioInput"
[16:37:41] ConvaiPlayerLog : Log : UConvaiPlayerComponent: Found submix "AudioInput"
[16:37:41] ConvaiPlayerLog : Log : UConvaiPlayerComponent: Found submix "AudioInput"
[16:37:41] ConvaiPlayerLog : Log : UConvaiPlayerComponent: Found submix "AudioInput"
[16:37:44] ConvaiPlayerLog : Log : UConvaiPlayerComponent: Found submix "AudioInput"
[16:37:44] ConvaiPlayerLog : Log : UConvaiPlayerComponent: Found submix "AudioInput"
[16:37:44] ConvaiPlayerLog : Log : UConvaiPlayerComponent: Found submix "AudioInput"
[16:37:48] ConvaiPlayerLog : Log : UConvaiPlayerComponent: Found submix "AudioInput"
[16:37:48] ConvaiPlayerLog : Log : UConvaiPlayerComponent: Found submix "AudioInput"
[16:37:48] ConvaiPlayerLog : Log : UConvaiPlayerComponent: Found submix "AudioInput"
[16:38:02] ConvaiSubsystemLog : Log : gRPC Creating Channel...
[16:38:02] ConvaiSubsystemLog : Log : Start Run
[16:38:02] ConvaiSubsystemLog : Log : UConvaiSubsystem Started
[16:38:02] ConvaiPlayerLog : Log : UConvaiPlayerComponent: Found submix "AudioInput"
[16:38:02] ConvaiSubsystemLog : Verbose : Registered player component: ConvaiPlayer
[16:38:25] ConvaiSubsystemLog : Verbose : Unregistered player component: ConvaiPlayer
[16:38:25] ConvaiSubsystemLog : Log : UConvaiSubsystem Stopped
[16:38:25] ConvaiSubsystemLog : Log : End Run
[21:14:30] ConvaiSubsystemLog : Log : gRPC Creating Channel...
[21:14:30] ConvaiSubsystemLog : Log : UConvaiSubsystem Started
[21:14:30] ConvaiSubsystemLog : Log : Start Run
[21:14:31] ConvaiPlayerLog : Log : UConvaiPlayerComponent: Found submix "AudioInput"
[21:14:31] ConvaiSubsystemLog : Verbose : Registered player component: ConvaiPlayer
[21:14:42] ConvaiSubsystemLog : Verbose : Unregistered player component: ConvaiPlayer
[21:14:42] ConvaiSubsystemLog : Log : UConvaiSubsystem Stopped
[21:14:42] ConvaiSubsystemLog : Log : End Run
[21:14:55] ConvaiSubsystemLog : Log : gRPC Creating Channel...
[21:14:55] ConvaiSubsystemLog : Log : UConvaiSubsystem Started
[21:14:55] ConvaiSubsystemLog : Log : Start Run
[21:14:55] ConvaiPlayerLog : Log : UConvaiPlayerComponent: Found submix "AudioInput"
[21:14:55] ConvaiSubsystemLog : Verbose : Registered player component: ConvaiPlayer
[21:15:18] ConvaiSubsystemLog : Verbose : Unregistered player component: ConvaiPlayer
[21:15:18] ConvaiSubsystemLog : Log : UConvaiSubsystem Stopped
[21:15:18] ConvaiSubsystemLog : Log : End Run
[21:15:30] ConvaiSubsystemLog : Log : gRPC Creating Channel...
[21:15:30] ConvaiSubsystemLog : Log : Start Run
[21:15:30] ConvaiSubsystemLog : Log : UConvaiSubsystem Started
[21:15:30] ConvaiPlayerLog : Log : UConvaiPlayerComponent: Found submix "AudioInput"
[21:15:30] ConvaiSubsystemLog : Verbose : Registered player component: ConvaiPlayer
[21:16:04] ConvaiSubsystemLog : Verbose : Unregistered player component: ConvaiPlayer
[21:16:04] ConvaiSubsystemLog : Log : UConvaiSubsystem Stopped
[21:16:04] ConvaiSubsystemLog : Log : End Run
[21:16:04] ConvaiChatbotComponentLog : Log : Cleanup | Character ID : 360f1c86-c98a-11ef-82c5-42010a7be016 | Session ID : -1
[21:17:47] ConvaiPlayerLog : Log : UConvaiPlayerComponent: Found submix "AudioInput"
[21:17:48] ConvaiPlayerLog : Log : UConvaiPlayerComponent: Found submix "AudioInput"
[21:17:48] ConvaiPlayerLog : Log : UConvaiPlayerComponent: Found submix "AudioInput"
[21:17:48] ConvaiPlayerLog : Log : UConvaiPlayerComponent: Found submix "AudioInput"
[21:18:12] ConvaiPlayerLog : Log : UConvaiPlayerComponent: Found submix "AudioInput"
[21:18:22] ConvaiPlayerLog : Log : UConvaiPlayerComponent: Found submix "AudioInput"
[21:18:38] ConvaiPlayerLog : Log : UConvaiPlayerComponent: Found submix "AudioInput"
[21:18:40] ConvaiPlayerLog : Log : UConvaiPlayerComponent: Found submix "AudioInput"
[21:18:40] ConvaiPlayerLog : Log : UConvaiPlayerComponent: Found submix "AudioInput"
[21:18:40] ConvaiPlayerLog : Log : UConvaiPlayerComponent: Found submix "AudioInput"
[21:19:44] ConvaiPlayerLog : Log : UConvaiPlayerComponent: Found submix "AudioInput"
[21:19:44] ConvaiPlayerLog : Log : UConvaiPlayerComponent: Found submix "AudioInput"
[21:19:44] ConvaiPlayerLog : Log : UConvaiPlayerComponent: Found submix "AudioInput"
[21:19:59] ConvaiSubsystemLog : Log : gRPC Creating Channel...
[21:19:59] ConvaiSubsystemLog : Log : UConvaiSubsystem Started
[21:19:59] ConvaiSubsystemLog : Log : Start Run
[21:19:59] ConvaiPlayerLog : Log : UConvaiPlayerComponent: Found submix "AudioInput"
[21:19:59] ConvaiSubsystemLog : Verbose : Registered player component: ConvaiPlayer
[21:20:11] ConvaiSubsystemLog : Verbose : Unregistered player component: ConvaiPlayer
[21:20:11] ConvaiSubsystemLog : Log : UConvaiSubsystem Stopped
[21:20:11] ConvaiSubsystemLog : Log : End Run
[21:20:40] ConvaiSubsystemLog : Log : gRPC Creating Channel...
[21:20:40] ConvaiSubsystemLog : Log : Start Run
[21:20:40] ConvaiSubsystemLog : Log : UConvaiSubsystem Started
[21:20:40] ConvaiPlayerLog : Log : UConvaiPlayerComponent: Found submix "AudioInput"
[21:20:40] ConvaiSubsystemLog : Verbose : Registered player component: ConvaiPlayer
[21:20:55] ConvaiSubsystemLog : Verbose : Unregistered player component: ConvaiPlayer
[21:20:55] ConvaiSubsystemLog : Log : UConvaiSubsystem Stopped
[21:20:55] ConvaiSubsystemLog : Log : End Run
