[11:54:22] ConvaiSubsystemLog : Log : gRPC Creating Channel...
[11:54:22] ConvaiSubsystemLog : Log : UConvaiSubsystem Started
[11:54:22] ConvaiSubsystemLog : Log : Start Run
[11:54:43] ConvaiSubsystemLog : Log : UConvaiSubsystem Stopped
[11:54:43] ConvaiSubsystemLog : Log : End Run
[11:55:21] ConvaiSubsystemLog : Log : gRPC Creating Channel...
[11:55:21] ConvaiSubsystemLog : Log : UConvaiSubsystem Started
[11:55:21] ConvaiSubsystemLog : Log : Start Run
[11:56:04] ConvaiSubsystemLog : Log : UConvaiSubsystem Stopped
[11:56:04] ConvaiSubsystemLog : Log : End Run
[11:56:04] ConvaiChatbotComponentLog : Log : Cleanup | Character ID :  | Session ID : -1
[11:56:52] ConvaiSubsystemLog : Log : gRPC Creating Channel...
[11:56:52] ConvaiSubsystemLog : Log : Start Run
[11:56:52] ConvaiSubsystemLog : Log : UConvaiSubsystem Started
[11:56:53] ConvaiSubsystemLog : Log : UConvaiSubsystem Stopped
[11:56:53] ConvaiSubsystemLog : Log : End Run
[11:57:02] ConvaiSubsystemLog : Log : gRPC Creating Channel...
[11:57:02] ConvaiSubsystemLog : Log : Start Run
[11:57:02] ConvaiSubsystemLog : Log : UConvaiSubsystem Started
[11:57:22] ConvaiSubsystemLog : Log : UConvaiSubsystem Stopped
[11:57:22] ConvaiSubsystemLog : Log : End Run
[11:57:22] ConvaiChatbotComponentLog : Log : Cleanup | Character ID :  | Session ID : -1
[11:57:22] ConvaiChatbotComponentLog : Log : Cleanup | Character ID :  | Session ID : -1
[11:57:30] ConvaiSubsystemLog : Log : gRPC Creating Channel...
[11:57:30] ConvaiSubsystemLog : Log : UConvaiSubsystem Started
[11:57:30] ConvaiSubsystemLog : Log : Start Run
[11:58:32] ConvaiSubsystemLog : Log : UConvaiSubsystem Stopped
[11:58:32] ConvaiSubsystemLog : Log : End Run
[11:58:32] ConvaiChatbotComponentLog : Log : Cleanup | Character ID :  | Session ID : -1
[12:00:29] ConvaiSubsystemLog : Log : gRPC Creating Channel...
[12:00:29] ConvaiSubsystemLog : Log : UConvaiSubsystem Started
[12:00:29] ConvaiSubsystemLog : Log : Start Run
[12:01:06] ConvaiSubsystemLog : Log : UConvaiSubsystem Stopped
[12:01:06] ConvaiSubsystemLog : Log : End Run
[12:01:06] ConvaiChatbotComponentLog : Log : Cleanup | Character ID :  | Session ID : -1
[12:03:24] ConvaiSubsystemLog : Log : gRPC Creating Channel...
[12:03:24] ConvaiSubsystemLog : Log : Start Run
[12:03:24] ConvaiSubsystemLog : Log : UConvaiSubsystem Started
[12:03:54] ConvaiChatbotComponentLog : Log : Cleanup | Character ID :  | Session ID : -1
[12:03:54] ConvaiChatbotComponentLog : Log : Cleanup | Character ID :  | Session ID : -1
[12:03:54] ConvaiChatbotComponentLog : Log : Cleanup | Character ID :  | Session ID : -1
[12:03:54] ConvaiChatbotComponentLog : Log : Cleanup | Character ID :  | Session ID : -1
[12:03:54] ConvaiChatbotComponentLog : Log : Cleanup | Character ID :  | Session ID : -1
[12:03:54] ConvaiChatbotComponentLog : Log : Cleanup | Character ID :  | Session ID : -1
[12:03:54] ConvaiChatbotComponentLog : Log : Cleanup | Character ID :  | Session ID : -1
[12:03:54] ConvaiChatbotComponentLog : Log : Cleanup | Character ID :  | Session ID : -1
[12:03:57] ConvaiSubsystemLog : Log : UConvaiSubsystem Stopped
[12:03:57] ConvaiSubsystemLog : Log : End Run
[12:03:57] ConvaiChatbotComponentLog : Log : Cleanup | Character ID :  | Session ID : -1
[12:04:05] ConvaiSubsystemLog : Log : gRPC Creating Channel...
[12:04:05] ConvaiSubsystemLog : Log : UConvaiSubsystem Started
[12:04:05] ConvaiSubsystemLog : Log : Start Run
[12:05:14] ConvaiSubsystemLog : Log : UConvaiSubsystem Stopped
[12:05:14] ConvaiSubsystemLog : Log : End Run
[12:05:14] ConvaiChatbotComponentLog : Log : Cleanup | Character ID :  | Session ID : -1
[12:05:59] ConvaiSubsystemLog : Log : gRPC Creating Channel...
[12:05:59] ConvaiSubsystemLog : Log : UConvaiSubsystem Started
[12:05:59] ConvaiSubsystemLog : Log : Start Run
[12:06:29] ConvaiSubsystemLog : Log : UConvaiSubsystem Stopped
[12:06:29] ConvaiSubsystemLog : Log : End Run
[12:06:29] ConvaiChatbotComponentLog : Log : Cleanup | Character ID :  | Session ID : -1
[12:06:29] ConvaiChatbotComponentLog : Log : Cleanup | Character ID :  | Session ID : -1
[12:06:29] ConvaiChatbotComponentLog : Log : Cleanup | Character ID :  | Session ID : -1
[12:06:29] ConvaiChatbotComponentLog : Log : Cleanup | Character ID :  | Session ID : -1
[12:06:29] ConvaiChatbotComponentLog : Log : Cleanup | Character ID :  | Session ID : -1
[12:06:29] ConvaiChatbotComponentLog : Log : Cleanup | Character ID :  | Session ID : -1
[12:06:29] ConvaiChatbotComponentLog : Log : Cleanup | Character ID :  | Session ID : -1
[12:06:29] ConvaiChatbotComponentLog : Log : Cleanup | Character ID :  | Session ID : -1
[12:06:29] ConvaiChatbotComponentLog : Log : Cleanup | Character ID :  | Session ID : -1
[12:06:29] ConvaiChatbotComponentLog : Log : Cleanup | Character ID :  | Session ID : -1
[12:06:29] ConvaiChatbotComponentLog : Log : Cleanup | Character ID :  | Session ID : -1
[12:06:29] ConvaiChatbotComponentLog : Log : Cleanup | Character ID :  | Session ID : -1
[12:06:29] ConvaiChatbotComponentLog : Log : Cleanup | Character ID :  | Session ID : -1
[12:06:29] ConvaiChatbotComponentLog : Log : Cleanup | Character ID :  | Session ID : -1
[12:06:29] ConvaiChatbotComponentLog : Log : Cleanup | Character ID :  | Session ID : -1
[12:06:29] ConvaiChatbotComponentLog : Log : Cleanup | Character ID :  | Session ID : -1
[12:06:29] ConvaiChatbotComponentLog : Log : Cleanup | Character ID :  | Session ID : -1
[12:06:29] ConvaiChatbotComponentLog : Log : Cleanup | Character ID :  | Session ID : -1
[12:06:29] ConvaiChatbotComponentLog : Log : Cleanup | Character ID :  | Session ID : -1
[12:06:29] ConvaiChatbotComponentLog : Log : Cleanup | Character ID :  | Session ID : -1
[12:06:29] ConvaiChatbotComponentLog : Log : Cleanup | Character ID :  | Session ID : -1
[12:06:29] ConvaiChatbotComponentLog : Log : Cleanup | Character ID :  | Session ID : -1
[12:06:29] ConvaiChatbotComponentLog : Log : Cleanup | Character ID :  | Session ID : -1
[12:06:29] ConvaiChatbotComponentLog : Log : Cleanup | Character ID :  | Session ID : -1
[12:06:29] ConvaiChatbotComponentLog : Log : Cleanup | Character ID :  | Session ID : -1
[12:06:29] ConvaiChatbotComponentLog : Log : Cleanup | Character ID :  | Session ID : -1
[12:06:29] ConvaiChatbotComponentLog : Log : Cleanup | Character ID :  | Session ID : -1
[12:06:30] ConvaiChatbotComponentLog : Log : Cleanup | Character ID :  | Session ID : -1
[12:06:30] ConvaiChatbotComponentLog : Log : Cleanup | Character ID :  | Session ID : -1
[12:06:30] ConvaiChatbotComponentLog : Log : Cleanup | Character ID :  | Session ID : -1
[12:06:30] ConvaiChatbotComponentLog : Log : Cleanup | Character ID :  | Session ID : -1
[12:06:36] ConvaiSubsystemLog : Log : gRPC Creating Channel...
[12:06:36] ConvaiSubsystemLog : Log : Start Run
[12:06:36] ConvaiSubsystemLog : Log : UConvaiSubsystem Started
[12:07:25] ConvaiSubsystemLog : Log : UConvaiSubsystem Stopped
[12:07:25] ConvaiSubsystemLog : Log : End Run
[12:07:25] ConvaiChatbotComponentLog : Log : Cleanup | Character ID :  | Session ID : -1
[12:07:25] ConvaiChatbotComponentLog : Log : Cleanup | Character ID :  | Session ID : -1
[12:07:25] ConvaiChatbotComponentLog : Log : Cleanup | Character ID :  | Session ID : -1
[12:07:32] ConvaiSubsystemLog : Log : gRPC Creating Channel...
[12:07:32] ConvaiSubsystemLog : Log : Start Run
[12:07:32] ConvaiSubsystemLog : Log : UConvaiSubsystem Started
[12:07:46] ConvaiSubsystemLog : Log : UConvaiSubsystem Stopped
[12:07:46] ConvaiSubsystemLog : Log : End Run
[12:07:57] ConvaiSubsystemLog : Log : gRPC Creating Channel...
[12:07:57] ConvaiSubsystemLog : Log : Start Run
[12:07:57] ConvaiSubsystemLog : Log : UConvaiSubsystem Started
[12:08:17] ConvaiSubsystemLog : Log : UConvaiSubsystem Stopped
[12:08:17] ConvaiSubsystemLog : Log : End Run
[12:08:17] ConvaiChatbotComponentLog : Log : Cleanup | Character ID :  | Session ID : -1
[12:08:17] ConvaiChatbotComponentLog : Log : Cleanup | Character ID :  | Session ID : -1
[12:08:17] ConvaiChatbotComponentLog : Log : Cleanup | Character ID :  | Session ID : -1
[12:08:17] ConvaiChatbotComponentLog : Log : Cleanup | Character ID :  | Session ID : -1
[12:08:17] ConvaiChatbotComponentLog : Log : Cleanup | Character ID :  | Session ID : -1
[12:09:43] ConvaiSubsystemLog : Log : gRPC Creating Channel...
[12:09:43] ConvaiSubsystemLog : Log : Start Run
[12:09:43] ConvaiSubsystemLog : Log : UConvaiSubsystem Started
[12:10:16] ConvaiSubsystemLog : Log : UConvaiSubsystem Stopped
[12:10:16] ConvaiSubsystemLog : Log : End Run
[12:10:16] ConvaiChatbotComponentLog : Log : Cleanup | Character ID :  | Session ID : -1
[12:12:38] ConvaiSubsystemLog : Log : gRPC Creating Channel...
[12:12:38] ConvaiSubsystemLog : Log : UConvaiSubsystem Started
[12:12:38] ConvaiSubsystemLog : Log : Start Run
[12:13:41] ConvaiSubsystemLog : Log : UConvaiSubsystem Stopped
[12:13:41] ConvaiSubsystemLog : Log : End Run
[12:13:41] ConvaiChatbotComponentLog : Log : Cleanup | Character ID :  | Session ID : -1
[12:14:53] ConvaiSubsystemLog : Log : gRPC Creating Channel...
[12:14:53] ConvaiSubsystemLog : Log : UConvaiSubsystem Started
[12:14:53] ConvaiSubsystemLog : Log : Start Run
[12:15:28] ConvaiSubsystemLog : Log : UConvaiSubsystem Stopped
[12:15:28] ConvaiSubsystemLog : Log : End Run
[12:15:28] ConvaiChatbotComponentLog : Log : Cleanup | Character ID :  | Session ID : -1
[12:18:21] ConvaiSubsystemLog : Log : gRPC Creating Channel...
[12:18:21] ConvaiSubsystemLog : Log : UConvaiSubsystem Started
[12:18:21] ConvaiSubsystemLog : Log : Start Run
[12:18:51] ConvaiSubsystemLog : Log : UConvaiSubsystem Stopped
[12:18:51] ConvaiSubsystemLog : Log : End Run
[12:18:51] ConvaiChatbotComponentLog : Log : Cleanup | Character ID :  | Session ID : -1
[11:50:52] ConvaiPlayerLog : Log : UConvaiPlayerComponent: Found submix "AudioInput"
[11:51:39] ConvaiPlayerLog : Log : UConvaiPlayerComponent: Found submix "AudioInput"
[11:51:40] ConvaiPlayerLog : Log : UConvaiPlayerComponent: Found submix "AudioInput"
[11:51:40] ConvaiPlayerLog : Log : UConvaiPlayerComponent: Found submix "AudioInput"
[11:51:50] ConvaiPlayerLog : Log : UConvaiPlayerComponent: Found submix "AudioInput"
[11:51:50] ConvaiPlayerLog : Log : UConvaiPlayerComponent: Found submix "AudioInput"
[11:51:50] ConvaiPlayerLog : Log : UConvaiPlayerComponent: Found submix "AudioInput"
[11:51:50] ConvaiPlayerLog : Log : UConvaiPlayerComponent: Found submix "AudioInput"
[11:51:50] ConvaiPlayerLog : Log : UConvaiPlayerComponent: Found submix "AudioInput"
[11:51:50] ConvaiPlayerLog : Log : UConvaiPlayerComponent: Found submix "AudioInput"
[11:51:50] ConvaiPlayerLog : Log : UConvaiPlayerComponent: Found submix "AudioInput"
[11:52:04] ConvaiPlayerLog : Log : UConvaiPlayerComponent: Found submix "AudioInput"
[11:52:04] ConvaiPlayerLog : Log : UConvaiPlayerComponent: Found submix "AudioInput"
[11:52:04] ConvaiPlayerLog : Log : UConvaiPlayerComponent: Found submix "AudioInput"
[11:52:04] ConvaiPlayerLog : Log : UConvaiPlayerComponent: Found submix "AudioInput"
[11:52:04] ConvaiPlayerLog : Log : UConvaiPlayerComponent: Found submix "AudioInput"
[11:52:04] ConvaiPlayerLog : Log : UConvaiPlayerComponent: Found submix "AudioInput"
[11:52:04] ConvaiPlayerLog : Log : UConvaiPlayerComponent: Found submix "AudioInput"
[12:03:39] ConvaiPlayerLog : Log : UConvaiPlayerComponent: Found submix "AudioInput"
[12:03:39] ConvaiPlayerLog : Log : UConvaiPlayerComponent: Found submix "AudioInput"
[12:05:44] ConvaiPlayerLog : Log : UConvaiPlayerComponent: Found submix "AudioInput"
[12:05:44] ConvaiPlayerLog : Log : UConvaiPlayerComponent: Found submix "AudioInput"
[12:05:45] ConvaiPlayerLog : Log : UConvaiPlayerComponent: Found submix "AudioInput"
[12:05:45] ConvaiPlayerLog : Log : UConvaiPlayerComponent: Found submix "AudioInput"
[12:05:45] ConvaiPlayerLog : Log : UConvaiPlayerComponent: Found submix "AudioInput"
[12:05:45] ConvaiPlayerLog : Log : UConvaiPlayerComponent: Found submix "AudioInput"
[12:05:45] ConvaiPlayerLog : Log : UConvaiPlayerComponent: Found submix "AudioInput"
[12:05:59] ConvaiPlayerLog : Log : UConvaiPlayerComponent: Found submix "AudioInput"
[12:05:59] ConvaiPlayerLog : Log : UConvaiPlayerComponent: Found submix "AudioInput"
[12:05:59] ConvaiPlayerLog : Log : UConvaiPlayerComponent: Found submix "AudioInput"
[12:05:59] ConvaiPlayerLog : Log : UConvaiPlayerComponent: Found submix "AudioInput"
[12:06:01] ConvaiPlayerLog : Log : UConvaiPlayerComponent: Found submix "AudioInput"
[12:06:02] ConvaiPlayerLog : Log : UConvaiPlayerComponent: Found submix "AudioInput"
[12:06:02] ConvaiPlayerLog : Log : UConvaiPlayerComponent: Found submix "AudioInput"
[12:06:02] ConvaiPlayerLog : Log : UConvaiPlayerComponent: Found submix "AudioInput"
[12:06:04] ConvaiPlayerLog : Log : UConvaiPlayerComponent: Found submix "AudioInput"
[12:06:04] ConvaiPlayerLog : Log : UConvaiPlayerComponent: Found submix "AudioInput"
[12:06:04] ConvaiPlayerLog : Log : UConvaiPlayerComponent: Found submix "AudioInput"
[12:06:04] ConvaiPlayerLog : Log : UConvaiPlayerComponent: Found submix "AudioInput"
[12:06:10] ConvaiPlayerLog : Log : UConvaiPlayerComponent: Found submix "AudioInput"
[12:06:10] ConvaiPlayerLog : Log : UConvaiPlayerComponent: Found submix "AudioInput"
[12:06:10] ConvaiPlayerLog : Log : UConvaiPlayerComponent: Found submix "AudioInput"
[12:06:10] ConvaiPlayerLog : Log : UConvaiPlayerComponent: Found submix "AudioInput"
[12:06:10] ConvaiPlayerLog : Log : UConvaiPlayerComponent: Found submix "AudioInput"
[12:06:10] ConvaiPlayerLog : Log : UConvaiPlayerComponent: Found submix "AudioInput"
[12:06:10] ConvaiPlayerLog : Log : UConvaiPlayerComponent: Found submix "AudioInput"
[12:06:10] ConvaiPlayerLog : Log : UConvaiPlayerComponent: Found submix "AudioInput"
[12:06:10] ConvaiPlayerLog : Log : UConvaiPlayerComponent: Found submix "AudioInput"
[12:06:10] ConvaiPlayerLog : Log : UConvaiPlayerComponent: Found submix "AudioInput"
[12:06:10] ConvaiPlayerLog : Log : UConvaiPlayerComponent: Found submix "AudioInput"
[12:06:10] ConvaiPlayerLog : Log : UConvaiPlayerComponent: Found submix "AudioInput"
[12:06:10] ConvaiPlayerLog : Log : UConvaiPlayerComponent: Found submix "AudioInput"
[12:06:10] ConvaiPlayerLog : Log : UConvaiPlayerComponent: Found submix "AudioInput"
[12:06:10] ConvaiPlayerLog : Log : UConvaiPlayerComponent: Found submix "AudioInput"
[12:06:10] ConvaiPlayerLog : Log : UConvaiPlayerComponent: Found submix "AudioInput"
[12:06:12] ConvaiPlayerLog : Log : UConvaiPlayerComponent: Found submix "AudioInput"
[12:06:12] ConvaiPlayerLog : Log : UConvaiPlayerComponent: Found submix "AudioInput"
[12:06:12] ConvaiPlayerLog : Log : UConvaiPlayerComponent: Found submix "AudioInput"
[12:06:12] ConvaiPlayerLog : Log : UConvaiPlayerComponent: Found submix "AudioInput"
[12:06:12] ConvaiPlayerLog : Log : UConvaiPlayerComponent: Found submix "AudioInput"
[12:06:12] ConvaiPlayerLog : Log : UConvaiPlayerComponent: Found submix "AudioInput"
[12:06:12] ConvaiPlayerLog : Log : UConvaiPlayerComponent: Found submix "AudioInput"
[12:06:22] ConvaiPlayerLog : Log : UConvaiPlayerComponent: Found submix "AudioInput"
[12:06:22] ConvaiPlayerLog : Log : UConvaiPlayerComponent: Found submix "AudioInput"
[12:06:22] ConvaiPlayerLog : Log : UConvaiPlayerComponent: Found submix "AudioInput"
[12:06:22] ConvaiPlayerLog : Log : UConvaiPlayerComponent: Found submix "AudioInput"
[12:06:22] ConvaiPlayerLog : Log : UConvaiPlayerComponent: Found submix "AudioInput"
[12:06:22] ConvaiPlayerLog : Log : UConvaiPlayerComponent: Found submix "AudioInput"
[12:06:26] ConvaiPlayerLog : Log : UConvaiPlayerComponent: Found submix "AudioInput"
[12:06:26] ConvaiPlayerLog : Log : UConvaiPlayerComponent: Found submix "AudioInput"
[12:06:26] ConvaiPlayerLog : Log : UConvaiPlayerComponent: Found submix "AudioInput"
[12:06:26] ConvaiPlayerLog : Log : UConvaiPlayerComponent: Found submix "AudioInput"
[12:06:26] ConvaiPlayerLog : Log : UConvaiPlayerComponent: Found submix "AudioInput"
[12:06:26] ConvaiPlayerLog : Log : UConvaiPlayerComponent: Found submix "AudioInput"
[12:06:26] ConvaiPlayerLog : Log : UConvaiPlayerComponent: Found submix "AudioInput"
[15:34:31] ConvaiPlayerLog : Log : UConvaiPlayerComponent: Found submix "AudioInput"
[15:34:31] ConvaiPlayerLog : Log : UConvaiPlayerComponent: Found submix "AudioInput"
[15:34:32] ConvaiPlayerLog : Log : UConvaiPlayerComponent: Found submix "AudioInput"
[15:34:32] ConvaiPlayerLog : Log : UConvaiPlayerComponent: Found submix "AudioInput"
[15:37:36] ConvaiPlayerLog : Log : UConvaiPlayerComponent: Found submix "AudioInput"
[15:37:36] ConvaiPlayerLog : Log : UConvaiPlayerComponent: Found submix "AudioInput"
[15:37:37] ConvaiPlayerLog : Log : UConvaiPlayerComponent: Found submix "AudioInput"
[15:37:37] ConvaiPlayerLog : Log : UConvaiPlayerComponent: Found submix "AudioInput"
[15:37:37] ConvaiPlayerLog : Log : UConvaiPlayerComponent: Found submix "AudioInput"
[15:37:37] ConvaiPlayerLog : Log : UConvaiPlayerComponent: Found submix "AudioInput"
[15:37:37] ConvaiPlayerLog : Log : UConvaiPlayerComponent: Found submix "AudioInput"
[15:38:01] ConvaiChatbotComponentLog : Log : Cleanup | Character ID : 360f1c86-c98a-11ef-82c5-42010a7be016 | Session ID : -1
[15:38:01] ConvaiChatbotComponentLog : Log : Cleanup | Character ID : 360f1c86-c98a-11ef-82c5-42010a7be016 | Session ID : -1
[15:38:01] ConvaiChatbotComponentLog : Log : Cleanup | Character ID :  | Session ID : -1
[15:38:01] ConvaiChatbotComponentLog : Log : Cleanup | Character ID :  | Session ID : -1
[15:40:20] ConvaiChatbotComponentLog : Log : Cleanup | Character ID : 360f1c86-c98a-11ef-82c5-42010a7be016 | Session ID : -1
[15:40:20] ConvaiChatbotComponentLog : Log : Cleanup | Character ID : 360f1c86-c98a-11ef-82c5-42010a7be016 | Session ID : -1
[15:40:20] ConvaiChatbotComponentLog : Log : Cleanup | Character ID :  | Session ID : -1
[15:40:20] ConvaiChatbotComponentLog : Log : Cleanup | Character ID : 360f1c86-c98a-11ef-82c5-42010a7be016 | Session ID : -1
[15:40:20] ConvaiChatbotComponentLog : Log : Cleanup | Character ID : 360f1c86-c98a-11ef-82c5-42010a7be016 | Session ID : -1
[16:00:36] ConvaiPlayerLog : Log : UConvaiPlayerComponent: Found submix "AudioInput"
[16:00:36] ConvaiPlayerLog : Log : UConvaiPlayerComponent: Found submix "AudioInput"
[16:00:37] ConvaiPlayerLog : Log : UConvaiPlayerComponent: Found submix "AudioInput"
[16:00:37] ConvaiPlayerLog : Log : UConvaiPlayerComponent: Found submix "AudioInput"
[16:00:37] ConvaiPlayerLog : Log : UConvaiPlayerComponent: Found submix "AudioInput"
[16:00:37] ConvaiPlayerLog : Log : UConvaiPlayerComponent: Found submix "AudioInput"
